<html>
<body>
<pre>
<h1>µVision Build Log</h1>
<h2>Tool Versions:</h2>
IDE-Version: µVision V5.29.0.0
Copyright (C) 2019 ARM Ltd and ARM Germany GmbH. All rights reserved.
License Information: M.Medhat OmenTix, HP Inc., LIC=MPPLD-82SGQ-MM89I-TL2PG-S34TQ-NMM0H
 
Tool Versions:
Toolchain:       MDK-ARM Plus  Version: 5.29.0.0
Toolchain Path:  C:\Keil_v5\ARM\ARMCC\Bin
C Compiler:      Armcc.exe V5.06 update 6 (build 750)
Assembler:       Armasm.exe V5.06 update 6 (build 750)
Linker/Locator:  ArmLink.exe V5.06 update 6 (build 750)
Library Manager: ArmAr.exe V5.06 update 6 (build 750)
Hex Converter:   FromElf.exe V5.06 update 6 (build 750)
CPU DLL:         SARM.DLL V5.29.0.0
Dialog DLL:      DARMP.DLL V1.53.0.0
Target DLL:      UL2ARM.DLL V1.74.10.0
Dialog DLL:      TARMP.DLL V1.53.0.0
 
<h2>Project:</h2>
C:\Advanced Embedded System\3- Real-Time Operationg Systems\3- Intro to FreeRTOS\Installation Folder\FreeRTOSv202112.00\FreeRTOSv202112.00\FreeRTOS\Demo\ARM7_LPC2129_Keil_RVDS - EDF Scheduler\RTOSDemo.uvproj
Project File Date:  10/07/2022

<h2>Output:</h2>
*** Using Compiler 'V5.06 update 6 (build 750)', folder: 'C:\Keil_v5\ARM\ARMCC\Bin'
Rebuild target 'RTOSDemo_THUMB'
assembling Startup.s...
compiling main.c...
compiling heap_2.c...
assembling portASM.s...
assembling serialISR.s...
compiling GPIO_cfg.c...
compiling GPIO.c...
compiling list.c...
compiling ParTest.c...
compiling port.c...
compiling queue.c...
compiling serial.c...
Starter_Files_V1\source\serial.c(185): warning:  #550-D: variable "cChar"  was set but never used
  signed char cChar;
Starter_Files_V1\source\serial.c: 1 warning, 0 errors
compiling tasks.c...
linking...
Program Size: Code=8172 RO-data=32 RW-data=208 ZI-data=15376  
FromELF: creating hex file...
".\bin\RTOSDemo.axf" - 0 Error(s), 1 Warning(s).
Build Time Elapsed:  00:00:01
</pre>
</body>
</html>
